interactions:
- request:
    body: null
    headers:
      Accept:
      - application/json
      Accept-Encoding:
      - gzip, deflate
      Connection:
      - keep-alive
      User-Agent:
      - python-requests/2.26.0
    method: GET
    uri: http://localhost:19120/api/v1/trees/tree
  response:
    body:
      string: "{\n  \"type\" : \"BRANCH\",\n  \"name\" : \"main\",\n  \"hash\" : \"2e1cfa82b035c26cbbbdae632cea070514eb8b773f616aaeaf668e2f0be8f10d\"\n}"
    headers:
      Content-Length:
      - '121'
      Content-Type:
      - application/json
    status:
      code: 200
      message: OK
- request:
    body: null
    headers:
      Accept:
      - application/json
      Accept-Encoding:
      - gzip, deflate
      Connection:
      - keep-alive
      User-Agent:
      - python-requests/2.26.0
    method: GET
    uri: http://localhost:19120/api/v1/trees/tree/main
  response:
    body:
      string: "{\n  \"type\" : \"BRANCH\",\n  \"name\" : \"main\",\n  \"hash\" : \"2e1cfa82b035c26cbbbdae632cea070514eb8b773f616aaeaf668e2f0be8f10d\"\n}"
    headers:
      Content-Length:
      - '121'
      Content-Type:
      - application/json
    status:
      code: 200
      message: OK
- request:
    body: '{"name": "dev", "hash": "2e1cfa82b035c26cbbbdae632cea070514eb8b773f616aaeaf668e2f0be8f10d",
      "type": "BRANCH"}'
    headers:
      Accept:
      - '*/*'
      Accept-Encoding:
      - gzip, deflate
      Connection:
      - keep-alive
      Content-Length:
      - '109'
      Content-Type:
      - application/json
      User-Agent:
      - python-requests/2.26.0
    method: POST
    uri: http://localhost:19120/api/v1/trees/tree?sourceRefName=main
  response:
    body:
      string: "{\n  \"type\" : \"BRANCH\",\n  \"name\" : \"dev\",\n  \"hash\" : \"2e1cfa82b035c26cbbbdae632cea070514eb8b773f616aaeaf668e2f0be8f10d\"\n}"
    headers:
      Content-Length:
      - '120'
      Content-Type:
      - application/json
    status:
      code: 200
      message: OK
- request:
    body: null
    headers:
      Accept:
      - application/json
      Accept-Encoding:
      - gzip, deflate
      Connection:
      - keep-alive
      User-Agent:
      - python-requests/2.26.0
    method: GET
    uri: http://localhost:19120/api/v1/trees
  response:
    body:
      string: "[ {\n  \"type\" : \"BRANCH\",\n  \"name\" : \"main\",\n  \"hash\" :
        \"2e1cfa82b035c26cbbbdae632cea070514eb8b773f616aaeaf668e2f0be8f10d\"\n}, {\n
        \ \"type\" : \"BRANCH\",\n  \"name\" : \"dev\",\n  \"hash\" : \"2e1cfa82b035c26cbbbdae632cea070514eb8b773f616aaeaf668e2f0be8f10d\"\n}
        ]"
    headers:
      Content-Length:
      - '247'
      Content-Type:
      - application/json
    status:
      code: 200
      message: OK
- request:
    body: null
    headers:
      Accept:
      - application/json
      Accept-Encoding:
      - gzip, deflate
      Connection:
      - keep-alive
      User-Agent:
      - python-requests/2.26.0
    method: GET
    uri: http://localhost:19120/api/v1/contents/assign.foo.bar?ref=dev
  response:
    body:
      string: "{\n  \"message\" : \"Requested contents do not exist for specified
        reference.\",\n  \"status\" : 404,\n  \"reason\" : \"Not Found\",\n  \"serverStackTrace\"
        : null\n}"
    headers:
      Content-Length:
      - '149'
      Content-Type:
      - application/json
    status:
      code: 404
      message: Not Found
- request:
    body: '{"operations": [{"expectedContents": null, "key": {"elements": ["assign",
      "foo", "bar"]}, "contents": {"idGenerators": "xyz", "id": "test_assign", "metadataLocation":
      "/a/b/c", "type": "ICEBERG_TABLE"}, "type": "PUT"}], "commitMeta": {"commitTime":
      null, "committer": null, "author": "nessie test", "properties": null, "signedOffBy":
      null, "message": "test message", "authorTime": null, "hash": null}}'
    headers:
      Accept:
      - '*/*'
      Accept-Encoding:
      - gzip, deflate
      Connection:
      - keep-alive
      Content-Length:
      - '401'
      Content-Type:
      - application/json
      User-Agent:
      - python-requests/2.26.0
    method: POST
    uri: http://localhost:19120/api/v1/trees/branch/dev/commit?expectedHash=2e1cfa82b035c26cbbbdae632cea070514eb8b773f616aaeaf668e2f0be8f10d
  response:
    body:
      string: "{\n  \"type\" : \"BRANCH\",\n  \"name\" : \"dev\",\n  \"hash\" : \"250c12f8e22b0e5bf0ccae57254c1b99fa3013c47a2a0e1d636bf36014443121\"\n}"
    headers:
      Content-Length:
      - '120'
      Content-Type:
      - application/json
    status:
      code: 200
      message: OK
- request:
    body: null
    headers:
      Accept:
      - application/json
      Accept-Encoding:
      - gzip, deflate
      Connection:
      - keep-alive
      User-Agent:
      - python-requests/2.26.0
    method: GET
    uri: http://localhost:19120/api/v1/trees/tree/dev
  response:
    body:
      string: "{\n  \"type\" : \"BRANCH\",\n  \"name\" : \"dev\",\n  \"hash\" : \"250c12f8e22b0e5bf0ccae57254c1b99fa3013c47a2a0e1d636bf36014443121\"\n}"
    headers:
      Content-Length:
      - '120'
      Content-Type:
      - application/json
    status:
      code: 200
      message: OK
- request:
    body: '{"name": "main", "hash": "250c12f8e22b0e5bf0ccae57254c1b99fa3013c47a2a0e1d636bf36014443121",
      "type": "BRANCH"}'
    headers:
      Accept:
      - '*/*'
      Accept-Encoding:
      - gzip, deflate
      Connection:
      - keep-alive
      Content-Length:
      - '110'
      Content-Type:
      - application/json
      User-Agent:
      - python-requests/2.26.0
    method: POST
    uri: http://localhost:19120/api/v1/trees/tree?sourceRefName=dev
  response:
    body:
      string: "{\n  \"message\" : \"Named reference 'main' already exists.\",\n  \"status\"
        : 409,\n  \"reason\" : \"Conflict\",\n  \"serverStackTrace\" : null\n}"
    headers:
      Content-Length:
      - '130'
      Content-Type:
      - application/json
    status:
      code: 409
      message: Conflict
- request:
    body: null
    headers:
      Accept:
      - application/json
      Accept-Encoding:
      - gzip, deflate
      Connection:
      - keep-alive
      User-Agent:
      - python-requests/2.26.0
    method: GET
    uri: http://localhost:19120/api/v1/trees/tree/main
  response:
    body:
      string: "{\n  \"type\" : \"BRANCH\",\n  \"name\" : \"main\",\n  \"hash\" : \"2e1cfa82b035c26cbbbdae632cea070514eb8b773f616aaeaf668e2f0be8f10d\"\n}"
    headers:
      Content-Length:
      - '121'
      Content-Type:
      - application/json
    status:
      code: 200
      message: OK
- request:
    body: '{"name": "dev", "hash": "250c12f8e22b0e5bf0ccae57254c1b99fa3013c47a2a0e1d636bf36014443121",
      "type": "BRANCH"}'
    headers:
      Accept:
      - '*/*'
      Accept-Encoding:
      - gzip, deflate
      Connection:
      - keep-alive
      Content-Length:
      - '109'
      Content-Type:
      - application/json
      User-Agent:
      - python-requests/2.26.0
    method: PUT
    uri: http://localhost:19120/api/v1/trees/branch/main?expectedHash=2e1cfa82b035c26cbbbdae632cea070514eb8b773f616aaeaf668e2f0be8f10d
  response:
    body:
      string: ''
    headers: {}
    status:
      code: 204
      message: No Content
- request:
    body: null
    headers:
      Accept:
      - application/json
      Accept-Encoding:
      - gzip, deflate
      Connection:
      - keep-alive
      User-Agent:
      - python-requests/2.26.0
    method: GET
    uri: http://localhost:19120/api/v1/trees
  response:
    body:
      string: "[ {\n  \"type\" : \"BRANCH\",\n  \"name\" : \"main\",\n  \"hash\" :
        \"250c12f8e22b0e5bf0ccae57254c1b99fa3013c47a2a0e1d636bf36014443121\"\n}, {\n
        \ \"type\" : \"BRANCH\",\n  \"name\" : \"dev\",\n  \"hash\" : \"250c12f8e22b0e5bf0ccae57254c1b99fa3013c47a2a0e1d636bf36014443121\"\n}
        ]"
    headers:
      Content-Length:
      - '247'
      Content-Type:
      - application/json
    status:
      code: 200
      message: OK
- request:
    body: null
    headers:
      Accept:
      - application/json
      Accept-Encoding:
      - gzip, deflate
      Connection:
      - keep-alive
      User-Agent:
      - python-requests/2.26.0
    method: GET
    uri: http://localhost:19120/api/v1/trees/tree/main
  response:
    body:
      string: "{\n  \"type\" : \"BRANCH\",\n  \"name\" : \"main\",\n  \"hash\" : \"250c12f8e22b0e5bf0ccae57254c1b99fa3013c47a2a0e1d636bf36014443121\"\n}"
    headers:
      Content-Length:
      - '121'
      Content-Type:
      - application/json
    status:
      code: 200
      message: OK
- request:
    body: '{"name": "v1.0", "hash": "250c12f8e22b0e5bf0ccae57254c1b99fa3013c47a2a0e1d636bf36014443121",
      "type": "TAG"}'
    headers:
      Accept:
      - '*/*'
      Accept-Encoding:
      - gzip, deflate
      Connection:
      - keep-alive
      Content-Length:
      - '107'
      Content-Type:
      - application/json
      User-Agent:
      - python-requests/2.26.0
    method: POST
    uri: http://localhost:19120/api/v1/trees/tree?sourceRefName=main
  response:
    body:
      string: "{\n  \"type\" : \"TAG\",\n  \"name\" : \"v1.0\",\n  \"hash\" : \"250c12f8e22b0e5bf0ccae57254c1b99fa3013c47a2a0e1d636bf36014443121\"\n}"
    headers:
      Content-Length:
      - '118'
      Content-Type:
      - application/json
    status:
      code: 200
      message: OK
- request:
    body: null
    headers:
      Accept:
      - application/json
      Accept-Encoding:
      - gzip, deflate
      Connection:
      - keep-alive
      User-Agent:
      - python-requests/2.26.0
    method: GET
    uri: http://localhost:19120/api/v1/trees
  response:
    body:
      string: "[ {\n  \"type\" : \"BRANCH\",\n  \"name\" : \"main\",\n  \"hash\" :
        \"250c12f8e22b0e5bf0ccae57254c1b99fa3013c47a2a0e1d636bf36014443121\"\n}, {\n
        \ \"type\" : \"BRANCH\",\n  \"name\" : \"dev\",\n  \"hash\" : \"250c12f8e22b0e5bf0ccae57254c1b99fa3013c47a2a0e1d636bf36014443121\"\n},
        {\n  \"type\" : \"TAG\",\n  \"name\" : \"v1.0\",\n  \"hash\" : \"250c12f8e22b0e5bf0ccae57254c1b99fa3013c47a2a0e1d636bf36014443121\"\n}
        ]"
    headers:
      Content-Length:
      - '367'
      Content-Type:
      - application/json
    status:
      code: 200
      message: OK
- request:
    body: null
    headers:
      Accept:
      - application/json
      Accept-Encoding:
      - gzip, deflate
      Connection:
      - keep-alive
      User-Agent:
      - python-requests/2.26.0
    method: GET
    uri: http://localhost:19120/api/v1/trees/tree/dev
  response:
    body:
      string: "{\n  \"type\" : \"BRANCH\",\n  \"name\" : \"dev\",\n  \"hash\" : \"250c12f8e22b0e5bf0ccae57254c1b99fa3013c47a2a0e1d636bf36014443121\"\n}"
    headers:
      Content-Length:
      - '120'
      Content-Type:
      - application/json
    status:
      code: 200
      message: OK
- request:
    body: '{"name": "v1.0", "hash": "250c12f8e22b0e5bf0ccae57254c1b99fa3013c47a2a0e1d636bf36014443121",
      "type": "TAG"}'
    headers:
      Accept:
      - '*/*'
      Accept-Encoding:
      - gzip, deflate
      Connection:
      - keep-alive
      Content-Length:
      - '107'
      Content-Type:
      - application/json
      User-Agent:
      - python-requests/2.26.0
    method: POST
    uri: http://localhost:19120/api/v1/trees/tree?sourceRefName=dev
  response:
    body:
      string: "{\n  \"message\" : \"Named reference 'v1.0' already exists.\",\n  \"status\"
        : 409,\n  \"reason\" : \"Conflict\",\n  \"serverStackTrace\" : null\n}"
    headers:
      Content-Length:
      - '130'
      Content-Type:
      - application/json
    status:
      code: 409
      message: Conflict
- request:
    body: null
    headers:
      Accept:
      - application/json
      Accept-Encoding:
      - gzip, deflate
      Connection:
      - keep-alive
      User-Agent:
      - python-requests/2.26.0
    method: GET
    uri: http://localhost:19120/api/v1/trees/tree/v1.0
  response:
    body:
      string: "{\n  \"type\" : \"TAG\",\n  \"name\" : \"v1.0\",\n  \"hash\" : \"250c12f8e22b0e5bf0ccae57254c1b99fa3013c47a2a0e1d636bf36014443121\"\n}"
    headers:
      Content-Length:
      - '118'
      Content-Type:
      - application/json
    status:
      code: 200
      message: OK
- request:
    body: '{"name": "dev", "hash": "250c12f8e22b0e5bf0ccae57254c1b99fa3013c47a2a0e1d636bf36014443121",
      "type": "TAG"}'
    headers:
      Accept:
      - '*/*'
      Accept-Encoding:
      - gzip, deflate
      Connection:
      - keep-alive
      Content-Length:
      - '106'
      Content-Type:
      - application/json
      User-Agent:
      - python-requests/2.26.0
    method: PUT
    uri: http://localhost:19120/api/v1/trees/tag/v1.0?expectedHash=250c12f8e22b0e5bf0ccae57254c1b99fa3013c47a2a0e1d636bf36014443121
  response:
    body:
      string: ''
    headers: {}
    status:
      code: 204
      message: No Content
- request:
    body: null
    headers:
      Accept:
      - application/json
      Accept-Encoding:
      - gzip, deflate
      Connection:
      - keep-alive
      User-Agent:
      - python-requests/2.26.0
    method: GET
    uri: http://localhost:19120/api/v1/trees
  response:
    body:
      string: "[ {\n  \"type\" : \"BRANCH\",\n  \"name\" : \"main\",\n  \"hash\" :
        \"250c12f8e22b0e5bf0ccae57254c1b99fa3013c47a2a0e1d636bf36014443121\"\n}, {\n
        \ \"type\" : \"BRANCH\",\n  \"name\" : \"dev\",\n  \"hash\" : \"250c12f8e22b0e5bf0ccae57254c1b99fa3013c47a2a0e1d636bf36014443121\"\n},
        {\n  \"type\" : \"TAG\",\n  \"name\" : \"v1.0\",\n  \"hash\" : \"250c12f8e22b0e5bf0ccae57254c1b99fa3013c47a2a0e1d636bf36014443121\"\n}
        ]"
    headers:
      Content-Length:
      - '367'
      Content-Type:
      - application/json
    status:
      code: 200
      message: OK
- request:
    body: null
    headers:
      Accept:
      - application/json
      Accept-Encoding:
      - gzip, deflate
      Connection:
      - keep-alive
      User-Agent:
      - python-requests/2.26.0
    method: GET
    uri: http://localhost:19120/api/v1/trees/tree/dev
  response:
    body:
      string: "{\n  \"type\" : \"BRANCH\",\n  \"name\" : \"dev\",\n  \"hash\" : \"250c12f8e22b0e5bf0ccae57254c1b99fa3013c47a2a0e1d636bf36014443121\"\n}"
    headers:
      Content-Length:
      - '120'
      Content-Type:
      - application/json
    status:
      code: 200
      message: OK
- request:
    body: null
    headers:
      Accept:
      - application/json
      Accept-Encoding:
      - gzip, deflate
      Connection:
      - keep-alive
      Content-Length:
      - '0'
      User-Agent:
      - python-requests/2.26.0
    method: DELETE
    uri: http://localhost:19120/api/v1/trees/branch/dev?expectedHash=250c12f8e22b0e5bf0ccae57254c1b99fa3013c47a2a0e1d636bf36014443121
  response:
    body:
      string: ''
    headers: {}
    status:
      code: 204
      message: No Content
- request:
    body: null
    headers:
      Accept:
      - application/json
      Accept-Encoding:
      - gzip, deflate
      Connection:
      - keep-alive
      User-Agent:
      - python-requests/2.26.0
    method: GET
    uri: http://localhost:19120/api/v1/trees/tree/v1.0
  response:
    body:
      string: "{\n  \"type\" : \"TAG\",\n  \"name\" : \"v1.0\",\n  \"hash\" : \"250c12f8e22b0e5bf0ccae57254c1b99fa3013c47a2a0e1d636bf36014443121\"\n}"
    headers:
      Content-Length:
      - '118'
      Content-Type:
      - application/json
    status:
      code: 200
      message: OK
- request:
    body: null
    headers:
      Accept:
      - application/json
      Accept-Encoding:
      - gzip, deflate
      Connection:
      - keep-alive
      Content-Length:
      - '0'
      User-Agent:
      - python-requests/2.26.0
    method: DELETE
    uri: http://localhost:19120/api/v1/trees/tag/v1.0?expectedHash=250c12f8e22b0e5bf0ccae57254c1b99fa3013c47a2a0e1d636bf36014443121
  response:
    body:
      string: ''
    headers: {}
    status:
      code: 204
      message: No Content
- request:
    body: null
    headers:
      Accept:
      - application/json
      Accept-Encoding:
      - gzip, deflate
      Connection:
      - keep-alive
      User-Agent:
      - python-requests/2.26.0
    method: GET
    uri: http://localhost:19120/api/v1/trees/tree
  response:
    body:
      string: "{\n  \"type\" : \"BRANCH\",\n  \"name\" : \"main\",\n  \"hash\" : \"250c12f8e22b0e5bf0ccae57254c1b99fa3013c47a2a0e1d636bf36014443121\"\n}"
    headers:
      Content-Length:
      - '121'
      Content-Type:
      - application/json
    status:
      code: 200
      message: OK
- request:
    body: null
    headers:
      Accept:
      - application/json
      Accept-Encoding:
      - gzip, deflate
      Connection:
      - keep-alive
      User-Agent:
      - python-requests/2.26.0
    method: GET
    uri: http://localhost:19120/api/v1/trees/tree/main/log
  response:
    body:
      string: "{\n  \"token\" : null,\n  \"operations\" : [ {\n    \"hash\" : \"250c12f8e22b0e5bf0ccae57254c1b99fa3013c47a2a0e1d636bf36014443121\",\n
        \   \"committer\" : \"\",\n    \"author\" : \"nessie test\",\n    \"signedOffBy\"
        : null,\n    \"message\" : \"test message\",\n    \"commitTime\" : \"2021-10-19T13:48:35.206913Z\",\n
        \   \"authorTime\" : \"2021-10-19T13:48:35.206913Z\",\n    \"properties\"
        : { }\n  } ],\n  \"hasMore\" : false\n}"
    headers:
      Content-Length:
      - '383'
      Content-Type:
      - application/json
    status:
      code: 200
      message: OK
- request:
    body: null
    headers:
      Accept:
      - application/json
      Accept-Encoding:
      - gzip, deflate
      Connection:
      - keep-alive
      User-Agent:
      - python-requests/2.26.0
    method: GET
    uri: http://localhost:19120/api/v1/contents/assign.foo.bar?ref=main
  response:
    body:
      string: "{\n  \"type\" : \"ICEBERG_TABLE\",\n  \"id\" : \"test_assign\",\n  \"metadataLocation\"
        : \"/a/b/c\",\n  \"idGenerators\" : \"xyz\"\n}"
    headers:
      Content-Length:
      - '113'
      Content-Type:
      - application/json
    status:
      code: 200
      message: OK
- request:
    body: '{"operations": [{"key": {"elements": ["assign", "foo", "bar"]}, "type":
      "DELETE"}], "commitMeta": {"commitTime": null, "committer": null, "author":
      null, "properties": null, "signedOffBy": null, "message": "delete_message",
      "authorTime": null, "hash": null}}'
    headers:
      Accept:
      - '*/*'
      Accept-Encoding:
      - gzip, deflate
      Connection:
      - keep-alive
      Content-Length:
      - '258'
      Content-Type:
      - application/json
      User-Agent:
      - python-requests/2.26.0
    method: POST
    uri: http://localhost:19120/api/v1/trees/branch/main/commit?expectedHash=250c12f8e22b0e5bf0ccae57254c1b99fa3013c47a2a0e1d636bf36014443121
  response:
    body:
      string: "{\n  \"type\" : \"BRANCH\",\n  \"name\" : \"main\",\n  \"hash\" : \"51740ceaed0b3d82d22a602f2f99f39b7c1c58f9167914bcad0baf1720d8a83a\"\n}"
    headers:
      Content-Length:
      - '121'
      Content-Type:
      - application/json
    status:
      code: 200
      message: OK
- request:
    body: null
    headers:
      Accept:
      - application/json
      Accept-Encoding:
      - gzip, deflate
      Connection:
      - keep-alive
      User-Agent:
      - python-requests/2.26.0
    method: GET
    uri: http://localhost:19120/api/v1/trees/tree/main
  response:
    body:
      string: "{\n  \"type\" : \"BRANCH\",\n  \"name\" : \"main\",\n  \"hash\" : \"51740ceaed0b3d82d22a602f2f99f39b7c1c58f9167914bcad0baf1720d8a83a\"\n}"
    headers:
      Content-Length:
      - '121'
      Content-Type:
      - application/json
    status:
      code: 200
      message: OK
- request:
    body: null
    headers:
      Accept:
      - application/json
      Accept-Encoding:
      - gzip, deflate
      Connection:
      - keep-alive
      Content-Length:
      - '0'
      User-Agent:
      - python-requests/2.26.0
    method: DELETE
    uri: http://localhost:19120/api/v1/trees/branch/main?expectedHash=51740ceaed0b3d82d22a602f2f99f39b7c1c58f9167914bcad0baf1720d8a83a
  response:
    body:
      string: ''
    headers: {}
    status:
      code: 204
      message: No Content
- request:
    body: '{"name": "main", "hash": "2e1cfa82b035c26cbbbdae632cea070514eb8b773f616aaeaf668e2f0be8f10d",
      "type": "BRANCH"}'
    headers:
      Accept:
      - '*/*'
      Accept-Encoding:
      - gzip, deflate
      Connection:
      - keep-alive
      Content-Length:
      - '110'
      Content-Type:
      - application/json
      User-Agent:
      - python-requests/2.26.0
    method: POST
    uri: http://localhost:19120/api/v1/trees/tree?sourceRefName=main
  response:
    body:
      string: "{\n  \"type\" : \"BRANCH\",\n  \"name\" : \"main\",\n  \"hash\" : \"2e1cfa82b035c26cbbbdae632cea070514eb8b773f616aaeaf668e2f0be8f10d\"\n}"
    headers:
      Content-Length:
      - '121'
      Content-Type:
      - application/json
    status:
      code: 200
      message: OK
version: 1
